// Jest Snapshot v1, https://goo.gl/fbAQLP

exports[`Icon component when created shows svg class "s8" and path "/path/to/icons.svg#check-circle" 1`] = `
<svg
  aria-hidden="true"
  class="gl-icon s8"
  data-testid="check-circle-icon"
  role="img"
>
  <use
    href="/path/to/icons.svg#check-circle"
  />
</svg>
`;
